uka@LAPTOP-RHQOJ899:~$ emacs lab8.c
Command 'emacs' not found, but can be installed with:
sudo snap install emacs        # version 29.1, or
sudo apt  install e3           # version 1:2.82+dfsg-2
sudo apt  install jove         # version 4.17.3.6-2
sudo apt  install emacs-gtk    # version 1:27.1+1-3ubuntu5.1
sudo apt  install emacs-lucid  # version 1:27.1+1-3ubuntu5.1
sudo apt  install emacs-nox    # version 1:27.1+1-3ubuntu5.1
See 'snap info emacs' for additional versions.
uka@LAPTOP-RHQOJ899:~$ sudo apt install emacs
[sudo] password for uka:
Reading package lists... Done
Building dependency tree... Done
Reading state information... Done
The following additional packages will be installed:
  adwaita-icon-theme emacs-bin-common emacs-common emacs-el emacs-gtk emacsen-common fontconfig
  gtk-update-icon-cache hicolor-icon-theme humanity-icon-theme libcairo-gobject2 libcairo2 libcolord2
  libdatrie1 libdeflate0 libepoxy0 libgd3 libgdk-pixbuf-2.0-0 libgdk-pixbuf2.0-bin libgdk-pixbuf2.0-common
  libgtk-3-0 libgtk-3-bin libgtk-3-common libjbig0 libm17n-0 libotf1 libpango-1.0-0 libpangocairo-1.0-0
  libpangoft2-1.0-0 libpixman-1-0 librsvg2-2 librsvg2-common libthai-data libthai0 libtiff5
  libwayland-client0 libwayland-cursor0 libwayland-egl1 libwebp7 libxcb-render0 libxcursor1 libxdamage1
  libxkbcommon0 m17n-db ubuntu-mono
Suggested packages:
  mailutils emacs-common-non-dfsg ncurses-term colord libgd-tools gvfs m17n-docs librsvg2-bin
The following NEW packages will be installed:
  adwaita-icon-theme emacs emacs-bin-common emacs-common emacs-el emacs-gtk emacsen-common fontconfig
  gtk-update-icon-cache hicolor-icon-theme humanity-icon-theme libcairo-gobject2 libcairo2 libcolord2
  libdatrie1 libdeflate0 libepoxy0 libgd3 libgdk-pixbuf-2.0-0 libgdk-pixbuf2.0-bin libgdk-pixbuf2.0-common
  libgtk-3-0 libgtk-3-bin libgtk-3-common libjbig0 libm17n-0 libotf1 libpango-1.0-0 libpangocairo-1.0-0
  libpangoft2-1.0-0 libpixman-1-0 librsvg2-2 librsvg2-common libthai-data libthai0 libtiff5
  libwayland-client0 libwayland-cursor0 libwayland-egl1 libwebp7 libxcb-render0 libxcursor1 libxdamage1
  libxkbcommon0 m17n-db ubuntu-mono
0 upgraded, 46 newly installed, 0 to remove and 101 not upgraded.
Need to get 50.7 MB of archives.
After this operation, 182 MB of additional disk space will be used.
Do you want to continue? [Y/n] y
Get:1 http://archive.ubuntu.com/ubuntu jammy/main amd64 hicolor-icon-theme all 0.17-2 [9976 B]
Get:2 http://archive.ubuntu.com/ubuntu jammy-updates/main amd64 libgdk-pixbuf2.0-common all 2.42.8+dfsg-1ubuntu0.2 [5530 B]
Get:3 http://archive.ubuntu.com/ubuntu jammy/main amd64 libdeflate0 amd64 1.10-2 [70.9 kB]
Get:4 http://archive.ubuntu.com/ubuntu jammy-updates/main amd64 libjbig0 amd64 2.1-3.1ubuntu0.22.04.1 [29.2 kB]
Get:5 http://archive.ubuntu.com/ubuntu jammy-updates/main amd64 libwebp7 amd64 1.2.2-2ubuntu0.22.04.2 [206 kB]
Ign:6 http://archive.ubuntu.com/ubuntu jammy-updates/main amd64 libtiff5 amd64 4.3.0-6ubuntu0.5
Get:7 http://archive.ubuntu.com/ubuntu jammy-updates/main amd64 libgdk-pixbuf-2.0-0 amd64 2.42.8+dfsg-1ubuntu0.2 [148 kB]
Get:8 http://archive.ubuntu.com/ubuntu jammy-updates/main amd64 gtk-update-icon-cache amd64 3.24.33-1ubuntu2 [31.4 kB]
Get:9 http://archive.ubuntu.com/ubuntu jammy/main amd64 humanity-icon-theme all 0.6.16 [1282 kB]
Err:6 http://security.ubuntu.com/ubuntu jammy-updates/main amd64 libtiff5 amd64 4.3.0-6ubuntu0.5
  404  Not Found [IP: 91.189.91.83 80]
Get:10 http://archive.ubuntu.com/ubuntu jammy/main amd64 ubuntu-mono all 20.10-0ubuntu2 [153 kB]
Get:11 http://archive.ubuntu.com/ubuntu jammy/main amd64 adwaita-icon-theme all 41.0-1ubuntu1 [3444 kB]
Get:12 http://archive.ubuntu.com/ubuntu jammy/main amd64 emacsen-common all 3.0.4 [14.9 kB]
Get:13 http://archive.ubuntu.com/ubuntu jammy-updates/universe amd64 emacs-common all 1:27.1+1-3ubuntu5.1 [14.6 MB]
Get:14 http://archive.ubuntu.com/ubuntu jammy-updates/universe amd64 emacs-bin-common amd64 1:27.1+1-3ubuntu5.1 [133 kB]
Get:15 http://archive.ubuntu.com/ubuntu jammy-updates/main amd64 libpixman-1-0 amd64 0.40.0-1ubuntu0.22.04.1 [264 kB]
Get:16 http://archive.ubuntu.com/ubuntu jammy/main amd64 libxcb-render0 amd64 1.14-3ubuntu3 [16.4 kB]
Get:17 http://archive.ubuntu.com/ubuntu jammy/main amd64 libcairo2 amd64 1.16.0-5ubuntu2 [628 kB]
Get:18 http://archive.ubuntu.com/ubuntu jammy/main amd64 libcairo-gobject2 amd64 1.16.0-5ubuntu2 [19.4 kB]
Get:19 http://archive.ubuntu.com/ubuntu jammy/main amd64 libcolord2 amd64 1.4.6-1 [155 kB]
Get:20 http://archive.ubuntu.com/ubuntu jammy/main amd64 libepoxy0 amd64 1.5.10-1 [237 kB]
Get:21 http://archive.ubuntu.com/ubuntu jammy/main amd64 fontconfig amd64 2.13.1-4.2ubuntu5 [177 kB]
Get:22 http://archive.ubuntu.com/ubuntu jammy/main amd64 libthai-data all 0.1.29-1build1 [162 kB]
Get:23 http://archive.ubuntu.com/ubuntu jammy/main amd64 libdatrie1 amd64 0.2.13-2 [19.9 kB]
Get:24 http://archive.ubuntu.com/ubuntu jammy/main amd64 libthai0 amd64 0.1.29-1build1 [19.2 kB]
Get:25 http://archive.ubuntu.com/ubuntu jammy-updates/main amd64 libpango-1.0-0 amd64 1.50.6+ds-2ubuntu1 [230 kB]
Get:26 http://archive.ubuntu.com/ubuntu jammy-updates/main amd64 libpangoft2-1.0-0 amd64 1.50.6+ds-2ubuntu1 [54.0 kB]
Get:27 http://archive.ubuntu.com/ubuntu jammy-updates/main amd64 libpangocairo-1.0-0 amd64 1.50.6+ds-2ubuntu1 [39.8 kB]
Get:28 http://archive.ubuntu.com/ubuntu jammy-updates/main amd64 libwayland-client0 amd64 1.20.0-1ubuntu0.1 [25.9 kB]
Get:29 http://archive.ubuntu.com/ubuntu jammy-updates/main amd64 libwayland-cursor0 amd64 1.20.0-1ubuntu0.1 [10.7 kB]
Get:30 http://archive.ubuntu.com/ubuntu jammy-updates/main amd64 libwayland-egl1 amd64 1.20.0-1ubuntu0.1 [5582 B]
Get:31 http://archive.ubuntu.com/ubuntu jammy/main amd64 libxcursor1 amd64 1:1.2.0-2build4 [20.9 kB]
Get:32 http://archive.ubuntu.com/ubuntu jammy/main amd64 libxdamage1 amd64 1:1.1.5-2build2 [7154 B]
Get:33 http://archive.ubuntu.com/ubuntu jammy/main amd64 libxkbcommon0 amd64 1.4.0-1 [125 kB]
Get:34 http://archive.ubuntu.com/ubuntu jammy-updates/main amd64 libgtk-3-common all 3.24.33-1ubuntu2 [239 kB]
Get:35 http://archive.ubuntu.com/ubuntu jammy-updates/main amd64 libgtk-3-0 amd64 3.24.33-1ubuntu2 [3053 kB]
Get:36 http://archive.ubuntu.com/ubuntu jammy/main amd64 m17n-db all 1.8.0-3 [1215 kB]
Get:37 http://archive.ubuntu.com/ubuntu jammy/main amd64 libgd3 amd64 2.3.0-2ubuntu2 [129 kB]
Get:38 http://archive.ubuntu.com/ubuntu jammy/main amd64 libotf1 amd64 0.9.16-3build1 [49.7 kB]
Get:39 http://archive.ubuntu.com/ubuntu jammy/main amd64 libm17n-0 amd64 1.8.0-4 [267 kB]
Get:40 http://archive.ubuntu.com/ubuntu jammy-updates/main amd64 librsvg2-2 amd64 2.52.5+dfsg-3ubuntu0.2 [2974 kB]
Get:41 http://archive.ubuntu.com/ubuntu jammy-updates/universe amd64 emacs-gtk amd64 1:27.1+1-3ubuntu5.1 [3956 kB]
Get:42 http://archive.ubuntu.com/ubuntu jammy-updates/universe amd64 emacs all 1:27.1+1-3ubuntu5.1 [13.4 kB]
Get:43 http://archive.ubuntu.com/ubuntu jammy-updates/universe amd64 emacs-el all 1:27.1+1-3ubuntu5.1 [16.1 MB]
Get:44 http://archive.ubuntu.com/ubuntu jammy-updates/main amd64 libgdk-pixbuf2.0-bin amd64 2.42.8+dfsg-1ubuntu0.2 [14.2 kB]
Get:45 http://archive.ubuntu.com/ubuntu jammy-updates/main amd64 libgtk-3-bin amd64 3.24.33-1ubuntu2 [69.5 kB]
Get:46 http://archive.ubuntu.com/ubuntu jammy-updates/main amd64 librsvg2-common amd64 2.52.5+dfsg-3ubuntu0.2 [17.7 kB]
Fetched 50.5 MB in 5s (9529 kB/s)
E: Failed to fetch http://security.ubuntu.com/ubuntu/pool/main/t/tiff/libtiff5_4.3.0-6ubuntu0.5_amd64.deb  404  Not Found [IP: 91.189.91.83 80]
E: Unable to fetch some archives, maybe run apt-get update or try with --fix-missing?
uka@LAPTOP-RHQOJ899:~$ --fix-missing
--fix-missing: command not found
uka@LAPTOP-RHQOJ899:~$ apt-get update
Reading package lists... Done
E: Could not open lock file /var/lib/apt/lists/lock - open (13: Permission denied)
E: Unable to lock directory /var/lib/apt/lists/
W: Problem unlinking the file /var/cache/apt/pkgcache.bin - RemoveCaches (13: Permission denied)
W: Problem unlinking the file /var/cache/apt/srcpkgcache.bin - RemoveCaches (13: Permission denied)
uka@LAPTOP-RHQOJ899:~$ sudo apt-get update
Get:1 http://security.ubuntu.com/ubuntu jammy-security InRelease [110 kB]
Hit:2 http://archive.ubuntu.com/ubuntu jammy InRelease
Get:3 http://archive.ubuntu.com/ubuntu jammy-updates InRelease [119 kB]
Get:4 http://security.ubuntu.com/ubuntu jammy-security/main amd64 Packages [946 kB]
Get:5 http://archive.ubuntu.com/ubuntu jammy-backports InRelease [109 kB]
Get:6 http://archive.ubuntu.com/ubuntu jammy-updates/main amd64 Packages [1158 kB]
Get:7 http://security.ubuntu.com/ubuntu jammy-security/main Translation-en [187 kB]
Get:8 http://security.ubuntu.com/ubuntu jammy-security/main amd64 c-n-f Metadata [11.4 kB]
Get:9 http://security.ubuntu.com/ubuntu jammy-security/restricted amd64 Packages [1085 kB]
Get:10 http://archive.ubuntu.com/ubuntu jammy-updates/main Translation-en [246 kB]
Get:11 http://archive.ubuntu.com/ubuntu jammy-updates/main amd64 c-n-f Metadata [16.1 kB]
Get:12 http://archive.ubuntu.com/ubuntu jammy-updates/restricted amd64 Packages [1106 kB]
Get:13 http://security.ubuntu.com/ubuntu jammy-security/restricted Translation-en [176 kB]
Get:14 http://security.ubuntu.com/ubuntu jammy-security/restricted amd64 c-n-f Metadata [520 B]
Get:15 http://security.ubuntu.com/ubuntu jammy-security/universe amd64 Packages [793 kB]
Get:16 http://archive.ubuntu.com/ubuntu jammy-updates/restricted Translation-en [179 kB]
Get:17 http://security.ubuntu.com/ubuntu jammy-security/universe Translation-en [146 kB]
Get:18 http://archive.ubuntu.com/ubuntu jammy-updates/restricted amd64 c-n-f Metadata [520 B]
Get:19 http://archive.ubuntu.com/ubuntu jammy-updates/universe amd64 Packages [995 kB]
Get:20 http://security.ubuntu.com/ubuntu jammy-security/universe amd64 c-n-f Metadata [16.8 kB]
Get:21 http://security.ubuntu.com/ubuntu jammy-security/multiverse amd64 Packages [36.5 kB]
Get:22 http://security.ubuntu.com/ubuntu jammy-security/multiverse amd64 c-n-f Metadata [260 B]
Get:23 http://archive.ubuntu.com/ubuntu jammy-updates/universe Translation-en [218 kB]
Get:24 http://archive.ubuntu.com/ubuntu jammy-updates/universe amd64 c-n-f Metadata [22.1 kB]
Get:25 http://archive.ubuntu.com/ubuntu jammy-updates/multiverse amd64 Packages [41.6 kB]
Get:26 http://archive.ubuntu.com/ubuntu jammy-updates/multiverse amd64 c-n-f Metadata [472 B]
Get:27 http://archive.ubuntu.com/ubuntu jammy-backports/main amd64 Packages [64.2 kB]
Get:28 http://archive.ubuntu.com/ubuntu jammy-backports/main amd64 c-n-f Metadata [388 B]
Get:29 http://archive.ubuntu.com/ubuntu jammy-backports/universe amd64 Packages [27.8 kB]
Get:30 http://archive.ubuntu.com/ubuntu jammy-backports/universe amd64 c-n-f Metadata [644 B]
Fetched 7811 kB in 2s (3223 kB/s)
Reading package lists... Done
uka@LAPTOP-RHQOJ899:~$ emacs lab8.c
Command 'emacs' not found, but can be installed with:
sudo snap install emacs        # version 29.1, or
sudo apt  install e3           # version 1:2.82+dfsg-2
sudo apt  install jove         # version 4.17.3.6-2
sudo apt  install emacs-gtk    # version 1:27.1+1-3ubuntu5.1
sudo apt  install emacs-lucid  # version 1:27.1+1-3ubuntu5.1
sudo apt  install emacs-nox    # version 1:27.1+1-3ubuntu5.1
See 'snap info emacs' for additional versions.
uka@LAPTOP-RHQOJ899:~$ sudo apt install emacs
Reading package lists... Done
Building dependency tree... Done
Reading state information... Done
The following additional packages will be installed:
  adwaita-icon-theme emacs-bin-common emacs-common emacs-el emacs-gtk emacsen-common fontconfig
  gtk-update-icon-cache hicolor-icon-theme humanity-icon-theme libcairo-gobject2 libcairo2 libcolord2
  libdatrie1 libdeflate0 libepoxy0 libgd3 libgdk-pixbuf-2.0-0 libgdk-pixbuf2.0-bin libgdk-pixbuf2.0-common
  libgtk-3-0 libgtk-3-bin libgtk-3-common libjbig0 libm17n-0 libotf1 libpango-1.0-0 libpangocairo-1.0-0
  libpangoft2-1.0-0 libpixman-1-0 librsvg2-2 librsvg2-common libthai-data libthai0 libtiff5
  libwayland-client0 libwayland-cursor0 libwayland-egl1 libwebp7 libxcb-render0 libxcursor1 libxdamage1
  libxkbcommon0 m17n-db ubuntu-mono
Suggested packages:
  mailutils emacs-common-non-dfsg ncurses-term colord libgd-tools gvfs m17n-docs librsvg2-bin
The following NEW packages will be installed:
  adwaita-icon-theme emacs emacs-bin-common emacs-common emacs-el emacs-gtk emacsen-common fontconfig
  gtk-update-icon-cache hicolor-icon-theme humanity-icon-theme libcairo-gobject2 libcairo2 libcolord2
  libdatrie1 libdeflate0 libepoxy0 libgd3 libgdk-pixbuf-2.0-0 libgdk-pixbuf2.0-bin libgdk-pixbuf2.0-common
  libgtk-3-0 libgtk-3-bin libgtk-3-common libjbig0 libm17n-0 libotf1 libpango-1.0-0 libpangocairo-1.0-0
  libpangoft2-1.0-0 libpixman-1-0 librsvg2-2 librsvg2-common libthai-data libthai0 libtiff5
  libwayland-client0 libwayland-cursor0 libwayland-egl1 libwebp7 libxcb-render0 libxcursor1 libxdamage1
  libxkbcommon0 m17n-db ubuntu-mono
0 upgraded, 46 newly installed, 0 to remove and 104 not upgraded.
Need to get 183 kB/50.7 MB of archives.
After this operation, 182 MB of additional disk space will be used.
Do you want to continue? [Y/n] y
Get:1 http://archive.ubuntu.com/ubuntu jammy-updates/main amd64 libtiff5 amd64 4.3.0-6ubuntu0.6 [183 kB]
Fetched 183 kB in 1s (232 kB/s)
Extracting templates from packages: 100%
Selecting previously unselected package hicolor-icon-theme.
(Reading database ... 25796 files and directories currently installed.)
Preparing to unpack .../00-hicolor-icon-theme_0.17-2_all.deb ...
Unpacking hicolor-icon-theme (0.17-2) ...
Selecting previously unselected package libgdk-pixbuf2.0-common.
Preparing to unpack .../01-libgdk-pixbuf2.0-common_2.42.8+dfsg-1ubuntu0.2_all.deb ...
Unpacking libgdk-pixbuf2.0-common (2.42.8+dfsg-1ubuntu0.2) ...
Selecting previously unselected package libdeflate0:amd64.
Preparing to unpack .../02-libdeflate0_1.10-2_amd64.deb ...
Unpacking libdeflate0:amd64 (1.10-2) ...
Selecting previously unselected package libjbig0:amd64.
Preparing to unpack .../03-libjbig0_2.1-3.1ubuntu0.22.04.1_amd64.deb ...
Unpacking libjbig0:amd64 (2.1-3.1ubuntu0.22.04.1) ...
Selecting previously unselected package libwebp7:amd64.
Preparing to unpack .../04-libwebp7_1.2.2-2ubuntu0.22.04.2_amd64.deb ...
Unpacking libwebp7:amd64 (1.2.2-2ubuntu0.22.04.2) ...
Selecting previously unselected package libtiff5:amd64.
Preparing to unpack .../05-libtiff5_4.3.0-6ubuntu0.6_amd64.deb ...
Unpacking libtiff5:amd64 (4.3.0-6ubuntu0.6) ...
Selecting previously unselected package libgdk-pixbuf-2.0-0:amd64.
Preparing to unpack .../06-libgdk-pixbuf-2.0-0_2.42.8+dfsg-1ubuntu0.2_amd64.deb ...
Unpacking libgdk-pixbuf-2.0-0:amd64 (2.42.8+dfsg-1ubuntu0.2) ...
Selecting previously unselected package gtk-update-icon-cache.
Preparing to unpack .../07-gtk-update-icon-cache_3.24.33-1ubuntu2_amd64.deb ...
Unpacking gtk-update-icon-cache (3.24.33-1ubuntu2) ...
Selecting previously unselected package humanity-icon-theme.
Preparing to unpack .../08-humanity-icon-theme_0.6.16_all.deb ...
Unpacking humanity-icon-theme (0.6.16) ...
Selecting previously unselected package ubuntu-mono.
Preparing to unpack .../09-ubuntu-mono_20.10-0ubuntu2_all.deb ...
Unpacking ubuntu-mono (20.10-0ubuntu2) ...
Selecting previously unselected package adwaita-icon-theme.
Preparing to unpack .../10-adwaita-icon-theme_41.0-1ubuntu1_all.deb ...
Unpacking adwaita-icon-theme (41.0-1ubuntu1) ...
Selecting previously unselected package emacsen-common.
Preparing to unpack .../11-emacsen-common_3.0.4_all.deb ...
Unpacking emacsen-common (3.0.4) ...
Selecting previously unselected package emacs-common.
Preparing to unpack .../12-emacs-common_1%3a27.1+1-3ubuntu5.1_all.deb ...
Unpacking emacs-common (1:27.1+1-3ubuntu5.1) ...
Selecting previously unselected package emacs-bin-common.
Preparing to unpack .../13-emacs-bin-common_1%3a27.1+1-3ubuntu5.1_amd64.deb ...
Unpacking emacs-bin-common (1:27.1+1-3ubuntu5.1) ...
Selecting previously unselected package libpixman-1-0:amd64.
Preparing to unpack .../14-libpixman-1-0_0.40.0-1ubuntu0.22.04.1_amd64.deb ...
Unpacking libpixman-1-0:amd64 (0.40.0-1ubuntu0.22.04.1) ...
Selecting previously unselected package libxcb-render0:amd64.
Preparing to unpack .../15-libxcb-render0_1.14-3ubuntu3_amd64.deb ...
Unpacking libxcb-render0:amd64 (1.14-3ubuntu3) ...
Selecting previously unselected package libcairo2:amd64.
Preparing to unpack .../16-libcairo2_1.16.0-5ubuntu2_amd64.deb ...
Unpacking libcairo2:amd64 (1.16.0-5ubuntu2) ...
Selecting previously unselected package libcairo-gobject2:amd64.
Preparing to unpack .../17-libcairo-gobject2_1.16.0-5ubuntu2_amd64.deb ...
Unpacking libcairo-gobject2:amd64 (1.16.0-5ubuntu2) ...
Selecting previously unselected package libcolord2:amd64.
Preparing to unpack .../18-libcolord2_1.4.6-1_amd64.deb ...
Unpacking libcolord2:amd64 (1.4.6-1) ...
Selecting previously unselected package libepoxy0:amd64.
Preparing to unpack .../19-libepoxy0_1.5.10-1_amd64.deb ...
Unpacking libepoxy0:amd64 (1.5.10-1) ...
Selecting previously unselected package fontconfig.
Preparing to unpack .../20-fontconfig_2.13.1-4.2ubuntu5_amd64.deb ...
Unpacking fontconfig (2.13.1-4.2ubuntu5) ...
Selecting previously unselected package libthai-data.
Preparing to unpack .../21-libthai-data_0.1.29-1build1_all.deb ...
Unpacking libthai-data (0.1.29-1build1) ...
Selecting previously unselected package libdatrie1:amd64.
Preparing to unpack .../22-libdatrie1_0.2.13-2_amd64.deb ...
Unpacking libdatrie1:amd64 (0.2.13-2) ...
Selecting previously unselected package libthai0:amd64.
Preparing to unpack .../23-libthai0_0.1.29-1build1_amd64.deb ...
Unpacking libthai0:amd64 (0.1.29-1build1) ...
Selecting previously unselected package libpango-1.0-0:amd64.
Preparing to unpack .../24-libpango-1.0-0_1.50.6+ds-2ubuntu1_amd64.deb ...
Unpacking libpango-1.0-0:amd64 (1.50.6+ds-2ubuntu1) ...
Selecting previously unselected package libpangoft2-1.0-0:amd64.
Preparing to unpack .../25-libpangoft2-1.0-0_1.50.6+ds-2ubuntu1_amd64.deb ...
Unpacking libpangoft2-1.0-0:amd64 (1.50.6+ds-2ubuntu1) ...
Selecting previously unselected package libpangocairo-1.0-0:amd64.
Preparing to unpack .../26-libpangocairo-1.0-0_1.50.6+ds-2ubuntu1_amd64.deb ...
Unpacking libpangocairo-1.0-0:amd64 (1.50.6+ds-2ubuntu1) ...
Selecting previously unselected package libwayland-client0:amd64.
Preparing to unpack .../27-libwayland-client0_1.20.0-1ubuntu0.1_amd64.deb ...
Unpacking libwayland-client0:amd64 (1.20.0-1ubuntu0.1) ...
Selecting previously unselected package libwayland-cursor0:amd64.
Preparing to unpack .../28-libwayland-cursor0_1.20.0-1ubuntu0.1_amd64.deb ...
Unpacking libwayland-cursor0:amd64 (1.20.0-1ubuntu0.1) ...
Selecting previously unselected package libwayland-egl1:amd64.
Preparing to unpack .../29-libwayland-egl1_1.20.0-1ubuntu0.1_amd64.deb ...
Unpacking libwayland-egl1:amd64 (1.20.0-1ubuntu0.1) ...
Selecting previously unselected package libxcursor1:amd64.
Preparing to unpack .../30-libxcursor1_1%3a1.2.0-2build4_amd64.deb ...
Unpacking libxcursor1:amd64 (1:1.2.0-2build4) ...
Selecting previously unselected package libxdamage1:amd64.
Preparing to unpack .../31-libxdamage1_1%3a1.1.5-2build2_amd64.deb ...
Unpacking libxdamage1:amd64 (1:1.1.5-2build2) ...
Selecting previously unselected package libxkbcommon0:amd64.
Preparing to unpack .../32-libxkbcommon0_1.4.0-1_amd64.deb ...
Unpacking libxkbcommon0:amd64 (1.4.0-1) ...
Selecting previously unselected package libgtk-3-common.
Preparing to unpack .../33-libgtk-3-common_3.24.33-1ubuntu2_all.deb ...
Unpacking libgtk-3-common (3.24.33-1ubuntu2) ...
Selecting previously unselected package libgtk-3-0:amd64.
Preparing to unpack .../34-libgtk-3-0_3.24.33-1ubuntu2_amd64.deb ...
Unpacking libgtk-3-0:amd64 (3.24.33-1ubuntu2) ...
Selecting previously unselected package m17n-db.
Preparing to unpack .../35-m17n-db_1.8.0-3_all.deb ...
Unpacking m17n-db (1.8.0-3) ...
Selecting previously unselected package libgd3:amd64.
Preparing to unpack .../36-libgd3_2.3.0-2ubuntu2_amd64.deb ...
Unpacking libgd3:amd64 (2.3.0-2ubuntu2) ...
Selecting previously unselected package libotf1:amd64.
Preparing to unpack .../37-libotf1_0.9.16-3build1_amd64.deb ...
Unpacking libotf1:amd64 (0.9.16-3build1) ...
Selecting previously unselected package libm17n-0:amd64.
Preparing to unpack .../38-libm17n-0_1.8.0-4_amd64.deb ...
Unpacking libm17n-0:amd64 (1.8.0-4) ...
Selecting previously unselected package librsvg2-2:amd64.
Preparing to unpack .../39-librsvg2-2_2.52.5+dfsg-3ubuntu0.2_amd64.deb ...
Unpacking librsvg2-2:amd64 (2.52.5+dfsg-3ubuntu0.2) ...
Selecting previously unselected package emacs-gtk.
Preparing to unpack .../40-emacs-gtk_1%3a27.1+1-3ubuntu5.1_amd64.deb ...
Unpacking emacs-gtk (1:27.1+1-3ubuntu5.1) ...
Selecting previously unselected package emacs.
Preparing to unpack .../41-emacs_1%3a27.1+1-3ubuntu5.1_all.deb ...
Unpacking emacs (1:27.1+1-3ubuntu5.1) ...
Selecting previously unselected package emacs-el.
Preparing to unpack .../42-emacs-el_1%3a27.1+1-3ubuntu5.1_all.deb ...
Unpacking emacs-el (1:27.1+1-3ubuntu5.1) ...
Selecting previously unselected package libgdk-pixbuf2.0-bin.
Preparing to unpack .../43-libgdk-pixbuf2.0-bin_2.42.8+dfsg-1ubuntu0.2_amd64.deb ...
Unpacking libgdk-pixbuf2.0-bin (2.42.8+dfsg-1ubuntu0.2) ...
Selecting previously unselected package libgtk-3-bin.
Preparing to unpack .../44-libgtk-3-bin_3.24.33-1ubuntu2_amd64.deb ...
Unpacking libgtk-3-bin (3.24.33-1ubuntu2) ...
Selecting previously unselected package librsvg2-common:amd64.
Preparing to unpack .../45-librsvg2-common_2.52.5+dfsg-3ubuntu0.2_amd64.deb ...
Unpacking librsvg2-common:amd64 (2.52.5+dfsg-3ubuntu0.2) ...
Setting up libotf1:amd64 (0.9.16-3build1) ...
Setting up libpixman-1-0:amd64 (0.40.0-1ubuntu0.22.04.1) ...
Setting up fontconfig (2.13.1-4.2ubuntu5) ...
Regenerating fonts cache... done.
Setting up libxdamage1:amd64 (1:1.1.5-2build2) ...
Setting up hicolor-icon-theme (0.17-2) ...
Setting up libdatrie1:amd64 (0.2.13-2) ...
Setting up libxcb-render0:amd64 (1.14-3ubuntu3) ...
Setting up libxcursor1:amd64 (1:1.2.0-2build4) ...
Setting up libgdk-pixbuf2.0-common (2.42.8+dfsg-1ubuntu0.2) ...
Setting up libdeflate0:amd64 (1.10-2) ...
Setting up m17n-db (1.8.0-3) ...
Setting up libjbig0:amd64 (2.1-3.1ubuntu0.22.04.1) ...
Setting up libcairo2:amd64 (1.16.0-5ubuntu2) ...
Setting up libcolord2:amd64 (1.4.6-1) ...
Setting up emacsen-common (3.0.4) ...
Setting up libepoxy0:amd64 (1.5.10-1) ...
Setting up libwebp7:amd64 (1.2.2-2ubuntu0.22.04.2) ...
Setting up libthai-data (0.1.29-1build1) ...
Setting up libcairo-gobject2:amd64 (1.16.0-5ubuntu2) ...
Setting up libtiff5:amd64 (4.3.0-6ubuntu0.6) ...
Setting up libwayland-egl1:amd64 (1.20.0-1ubuntu0.1) ...
Setting up emacs-common (1:27.1+1-3ubuntu5.1) ...
Setting up libgtk-3-common (3.24.33-1ubuntu2) ...
Setting up libxkbcommon0:amd64 (1.4.0-1) ...
Setting up libwayland-client0:amd64 (1.20.0-1ubuntu0.1) ...
Setting up libthai0:amd64 (0.1.29-1build1) ...
Setting up libgd3:amd64 (2.3.0-2ubuntu2) ...
Setting up emacs-el (1:27.1+1-3ubuntu5.1) ...
Setting up libwayland-cursor0:amd64 (1.20.0-1ubuntu0.1) ...
Setting up emacs-bin-common (1:27.1+1-3ubuntu5.1) ...
update-alternatives: using /usr/bin/ctags.emacs to provide /usr/bin/ctags (ctags) in auto mode
update-alternatives: using /usr/bin/ebrowse.emacs to provide /usr/bin/ebrowse (ebrowse) in auto mode
update-alternatives: using /usr/bin/emacsclient.emacs to provide /usr/bin/emacsclient (emacsclient) in auto mo
de
update-alternatives: using /usr/bin/etags.emacs to provide /usr/bin/etags (etags) in auto mode
Setting up libgdk-pixbuf-2.0-0:amd64 (2.42.8+dfsg-1ubuntu0.2) ...
Setting up gtk-update-icon-cache (3.24.33-1ubuntu2) ...
Setting up libpango-1.0-0:amd64 (1.50.6+ds-2ubuntu1) ...
Setting up libm17n-0:amd64 (1.8.0-4) ...
Setting up libgdk-pixbuf2.0-bin (2.42.8+dfsg-1ubuntu0.2) ...
Setting up libpangoft2-1.0-0:amd64 (1.50.6+ds-2ubuntu1) ...
Setting up libpangocairo-1.0-0:amd64 (1.50.6+ds-2ubuntu1) ...
Setting up librsvg2-2:amd64 (2.52.5+dfsg-3ubuntu0.2) ...
Setting up librsvg2-common:amd64 (2.52.5+dfsg-3ubuntu0.2) ...
Setting up adwaita-icon-theme (41.0-1ubuntu1) ...
update-alternatives: using /usr/share/icons/Adwaita/cursor.theme to provide /usr/share/icons/default/index.theme (x-cursor-theme) in auto mode
Setting up humanity-icon-theme (0.6.16) ...
Setting up ubuntu-mono (20.10-0ubuntu2) ...
Processing triggers for man-db (2.10.2-1) ...
Processing triggers for install-info (6.8-4build1) ...
Processing triggers for libglib2.0-0:amd64 (2.72.4-0ubuntu2) ...
Setting up libgtk-3-0:amd64 (3.24.33-1ubuntu2) ...
Processing triggers for libc-bin (2.35-0ubuntu3.1) ...
Setting up libgtk-3-bin (3.24.33-1ubuntu2) ...
Setting up emacs-gtk (1:27.1+1-3ubuntu5.1) ...
update-alternatives: using /usr/bin/emacs-gtk to provide /usr/bin/emacs (emacs) in auto mode
Install emacsen-common for emacs
emacsen-common: Handling install of emacsen flavor emacs
Setting up emacs (1:27.1+1-3ubuntu5.1) ...
Processing triggers for libgdk-pixbuf-2.0-0:amd64 (2.42.8+dfsg-1ubuntu0.2) ...
uka@LAPTOP-RHQOJ899:~$ emacs lab8.c
^Z
[1]+  Stopped                 emacs lab8.c
uka@LAPTOP-RHQOJ899:~$ cc lab8.c
Command 'cc' not found, but can be installed with:
sudo apt install gcc              # version 4:11.2.0-1ubuntu1, or
sudo apt install clang            # version 1:14.0-55~exp2
sudo apt install pentium-builder  # version 0.21ubuntu1
sudo apt install tcc              # version 0.9.27+git20200814.62c30a4a-1
uka@LAPTOP-RHQOJ899:~$ sudo apt install cc
Reading package lists... Done
Building dependency tree... Done
Reading state information... Done
E: Unable to locate package cc
uka@LAPTOP-RHQOJ899:~$ sudo apt install gcc
Waiting for cache lock: Could not get lock /var/lib/dpkg/lock-frontend. It is held by process 2332 (unattendedWaiting for cache lock: Could not get lock /var/lib/dpkg/lock-frontend. It is held by process 2332 (unattended-upgr)
Waiting for cache lock: Could not get lock /var/lib/dpkg/lock-frontend. It is held by process 2332 (unattendedWaiting for cache lock: Could not get lock /var/lib/dpkg/lock-frontend. It is held by process 2332 (unattended-upgr)
Waiting for cache lock: Could not get lock /var/lib/dpkg/lock-frontend. It is held by process 2332 (unattendedWaiting for cache lock: Could not get lock /var/lib/dpkg/lock-frontend. It is held by process 2332 (unattended-upgr)
Waiting for cache lock: Could not get lock /var/lib/dpkg/lock-frontend. It is held by process 2332 (unattendedWaiting for cache lock: Could not get lock /var/lib/dpkg/lock-frontend. It is held by process 2332 (unattended-upgr)
Waiting for cache lock: Could not get lock /var/lib/dpkg/lock-frontend. It is held by process 2332 (unattendedWaiting for cache lock: Could not get lock /var/lib/dpkg/lock-frontend. It is held by process 2332 (unattended-upgr)
Waiting for cache lock: Could not get lock /var/lib/dpkg/lock-frontend. It is held by process 2332 (unattendedWaiting for cache lock: Could not get lock /var/lib/dpkg/lock-frontend. It is held by process 2332 (unattended-upgr)
Waiting for cache lock: Could not get lock /var/lib/dpkg/lock-frontend. It is held by process 2332 (unattendedWaiting for cache lock: Could not get lock /var/lib/dpkg/lock-frontend. It is held by process 2332 (unattended-upgr)
Waiting for cache lock: Could not get lock /var/lib/dpkg/lock-frontend. It is held by process 2332 (unattendedWaiting for cache lock: Could not get lock /var/lib/dpkg/lock-frontend. It is held by process 2332 (unattended-upgr)
Waiting for cache lock: Could not get lock /var/lib/dpkg/lock-frontend. It is held by process 2332 (unattendedWaiting for cache lock: Could not get lock /var/lib/dpkg/lock-frontend. It is held by process 2332 (unattended-upgr)
Waiting for cache lock: Could not get lock /var/lib/dpkg/lock-frontend. It is held by process 2332 (unattendedWaiting for cache lock: Could not get lock /var/lib/dpkg/lock-frontend. It is held by process 2332 (unattended-upgr)
Waiting for cache lock: Could not get lock /var/lib/dpkg/lock-frontend. It is held by process 2332 (unattendedWaiting for cache lock: Could not get lock /var/lib/dpkg/lock-frontend. It is held by process 2332 (unattended-upgr)
Waiting for cache lock: Could not get lock /var/lib/dpkg/lock-frontend. It is held by process 2332 (unattendedWaiting for cache lock: Could not get lock /var/lib/dpkg/lock-frontend. It is held by process 2332 (unattended-upgr)
Waiting for cache lock: Could not get lock /var/lib/dpkg/lock-frontend. It is held by process 2332 (unattendedWaiting for cache lock: Could not get lock /var/lib/dpkg/lock-frontend. It is held by process 2332 (unattended-upgr)
Waiting for cache lock: Could not get lock /var/lib/dpkg/lock-frontend. It is held by process 2332 (unattendedWaiting for cache lock: Could not get lock /var/lib/dpkg/lock-frontend. It is held by process 2332 (unattended-upgr)
Waiting for cache lock: Could not get lock /var/lib/dpkg/lock-frontend. It is held by process 2332 (unattendedWaiting for cache lock: Could not get lock /var/lib/dpkg/lock-frontend. It is held by process 2332 (unattended-upgr)
Waiting for cache lock: Could not get lock /var/lib/dpkg/lock-frontend. It is held by process 2332 (unattendedWaiting for cache lock: Could not get lock /var/lib/dpkg/lock-frontend. It is held by process 2332 (unattended-upgr)
Waiting for cache lock: Could not get lock /var/lib/dpkg/lock-frontend. It is held by process 2332 (unattendedWaiting for cache lock: Could not get lock /var/lib/dpkg/lock-frontend. It is held by process 2332 (unattended-upgr)
Waiting for cache lock: Could not get lock /var/lib/dpkg/lock-frontend. It is held by process 2332 (unattendedWaiting for cache lock: Could not get lock /var/lib/dpkg/lock-frontend. It is held by process 2332 (unattended-upgr)
Waiting for cache lock: Could not get lock /var/lib/dpkg/lock-frontend. It is held by process 2332 (unattendedWaiting for cache lock: Could not get lock /var/lib/dpkg/lock-frontend. It is held by process 2332 (unattended-upgr)
Waiting for cache lock: Could not get lock /var/lib/dpkg/lock-frontend. It is held by process 2332 (unattendedWaiting for cache lock: Could not get lock /var/lib/dpkg/lock-frontend. It is held by process 2332 (unattended-upgr)
Waiting for cache lock: Could not get lock /var/lib/dpkg/lock-frontend. It is held by process 2332 (unattendedWaiting for cache lock: Could not get lock /var/lib/dpkg/lock-frontend. It is held by process 2332 (unattended-upgr)
Waiting for cache lock: Could not get lock /var/lib/dpkg/lock-frontend. It is held by process 2332 (unattendedWaiting for cache lock: Could not get lock /var/lib/dpkg/lock-frontend. It is held by process 2332 (unattended-upgr)
Waiting for cache lock: Could not get lock /var/lib/dpkg/lock-frontend. It is held by process 2332 (unattendedWaiting for cache lock: Could not get lock /var/lib/dpkg/lock-frontend. It is held by process 2332 (unattended-upgr)
Waiting for cache lock: Could not get lock /var/lib/dpkg/lock-frontend. It is held by process 2332 (unattendedWaiting for cache lock: Could not get lock /var/lib/dpkg/lock-frontend. It is held by process 2332 (unattended-upgr)
Waiting for cache lock: Could not get lock /var/lib/dpkg/lock-frontend. It is held by process 2332 (unattendedWaiting for cache lock: Could not get lock /var/lib/dpkg/lock-frontend. It is held by process 2332 (unattended-upgr)
Waiting for cache lock: Could not get lock /var/lib/dpkg/lock-frontend. It is held by process 2332 (unattendedWaiting for cache lock: Could not get lock /var/lib/dpkg/lock-frontend. It is held by process 2332 (unattended-upgr)
Waiting for cache lock: Could not get lock /var/lib/dpkg/lock-frontend. It is held by process 2332 (unattendedWaiting for cache lock: Could not get lock /var/lib/dpkg/lock-frontend. It is held by process 2332 (unattended-upgr)
Waiting for cache lock: Could not get lock /var/lib/dpkg/lock-frontend. It is held by process 2332 (unattendedWaiting for cache lock: Could not get lock /var/lib/dpkg/lock-frontend. It is held by process 2332 (unattended-upgr)
Waiting for cache lock: Could not get lock /var/lib/dpkg/lock-frontend. It is held by process 2332 (unattendedWaiting for cache lock: Could not get lock /var/lib/dpkg/lock-frontend. It is held by process 2332 (unattended-upgr)
Waiting for cache lock: Could not get lock /var/lib/dpkg/lock-frontend. It is held by process 2332 (unattendedWaiting for cache lock: Could not get lock /var/lib/dpkg/lock-frontend. It is held by process 2332 (unattended-upgr)
Waiting for cache lock: Could not get lock /var/lib/dpkg/lock-frontend. It is held by process 2332 (unattendedWaiting for cache lock: Could not get lock /var/lib/dpkg/lock-frontend. It is held by process 2332 (unattended-upgr)
Waiting for cache lock: Could not get lock /var/lib/dpkg/lock-frontend. It is held by process 2332 (unattendedWaiting for cache lock: Could not get lock /var/lib/dpkg/lock-frontend. It is held by process 2332 (unattended-upgr)
Waiting for cache lock: Could not get lock /var/lib/dpkg/lock-frontend. It is held by process 2332 (unattendedWaiting for cache lock: Could not get lock /var/lib/dpkg/lock-frontend. It is held by process 2332 (unattended-upgr)
Waiting for cache lock: Could not get lock /var/lib/dpkg/lock-frontend. It is held by process 2332 (unattendedWaiting for cache lock: Could not get lock /var/lib/dpkg/lock-frontend. It is held by process 2332 (unattended-upgr)
Waiting for cache lock: Could not get lock /var/lib/dpkg/lock-frontend. It is held by process 2332 (unattendedWaiting for cache lock: Could not get lock /var/lib/dpkg/lock-frontend. It is held by process 2332 (unattended-upgr)
Waiting for cache lock: Could not get lock /var/lib/dpkg/lock-frontend. It is held by process 2332 (unattendedWaiting for cache lock: Could not get lock /var/lib/dpkg/lock-frontend. It is held by process 2332 (unattended-upgr)
Waiting for cache lock: Could not get lock /var/lib/dpkg/lock-frontend. It is held by process 2332 (unattendedWaiting for cache lock: Could not get lock /var/lib/dpkg/lock-frontend. It is held by process 2332 (unattended-upgr)
Waiting for cache lock: Could not get lock /var/lib/dpkg/lock-frontend. It is held by process 2332 (unattendedWaiting for cache lock: Could not get lock /var/lib/dpkg/lock-frontend. It is held by process 2332 (unattended-upgr)
Waiting for cache lock: Could not get lock /var/lib/dpkg/lock-frontend. It is held by process 2332 (unattendedWaiting for cache lock: Could not get lock /var/lib/dpkg/lock-frontend. It is held by process 2332 (unattended-upgr)
Waiting for cache lock: Could not get lock /var/lib/dpkg/lock-frontend. It is held by process 2332 (unattendedWaiting for cache lock: Could not get lock /var/lib/dpkg/lock-frontend. It is held by process 2332 (unattended-upgr)
Waiting for cache lock: Could not get lock /var/lib/dpkg/lock-frontend. It is held by process 2332 (unattendedWaiting for cache lock: Could not get lock /var/lib/dpkg/lock-frontend. It is held by process 2332 (unattended-upgr)
Waiting for cache lock: Could not get lock /var/lib/dpkg/lock-frontend. It is held by process 2332 (unattendedWaiting for cache lock: Could not get lock /var/lib/dpkg/lock-frontend. It is held by process 2332 (unattended-upgr)
Waiting for cache lock: Could not get lock /var/lib/dpkg/lock-frontend. It is held by process 2332 (unattendedWaiting for cache lock: Could not get lock /var/lib/dpkg/lock-frontend. It is held by process 2332 (unattended-upgr)
Waiting for cache lock: Could not get lock /var/lib/dpkg/lock-frontend. It is held by process 2332 (unattendedWaiting for cache lock: Could not get lock /var/lib/dpkg/lock-frontend. It is held by process 2332 (unattended-upgr)
Waiting for cache lock: Could not get lock /var/lib/dpkg/lock-frontend. It is held by process 2332 (unattendedWaiting for cache lock: Could not get lock /var/lib/dpkg/lock-frontend. It is held by process 2332 (unattended-upgr)
Waiting for cache lock: Could not get lock /var/lib/dpkg/lock-frontend. It is held by process 2332 (unattendedWaiting for cache lock: Could not get lock /var/lib/dpkg/lock-frontend. It is held by process 2332 (unattended-upgr)
Waiting for cache lock: Could not get lock /var/lib/dpkg/lock-frontend. It is held by process 2332 (unattendedWaiting for cache lock: Could not get lock /var/lib/dpkg/lock-frontend. It is held by process 2332 (unattended-upgr)
Waiting for cache lock: Could not get lock /var/lib/dpkg/lock-frontend. It is held by process 2332 (unattendedWaiting for cache lock: Could not get lock /var/lib/dpkg/lock-frontend. It is held by process 2332 (unattended-upgr)
Waiting for cache lock: Could not get lock /var/lib/dpkg/lock-frontend. It is held by process 2332 (unattendedWaiting for cache lock: Could not get lock /var/lib/dpkg/lock-frontend. It is held by process 2332 (unattended-upgr)
Waiting for cache lock: Could not get lock /var/lib/dpkg/lock-frontend. It is held by process 2332 (unattendedWaiting for cache lock: Could not get lock /var/lib/dpkg/lock-frontend. It is held by process 2332 (unattended-upgr)
Waiting for cache lock: Could not get lock /var/lib/dpkg/lock-frontend. It is held by process 2332 (unattendedWaiting for cache lock: Could not get lock /var/lib/dpkg/lock-frontend. It is held by process 2332 (unattended-upgr)
Waiting for cache lock: Could not get lock /var/lib/dpkg/lock-frontend. It is held by process 2332 (unattendedWaiting for cache lock: Could not get lock /var/lib/dpkg/lock-frontend. It is held by process 2332 (unattended-upgr)
Waiting for cache lock: Could not get lock /var/lib/dpkg/lock-frontend. It is held by process 2332 (unattendedWaiting for cache lock: Could not get lock /var/lib/dpkg/lock-frontend. It is held by process 2332 (unattended-upgr)
Waiting for cache lock: Could not get lock /var/lib/dpkg/lock-frontend. It is held by process 2332 (unattendedWaiting for cache lock: Could not get lock /var/lib/dpkg/lock-frontend. It is held by process 2332 (unattended-upgr)
Waiting for cache lock: Could not get lock /var/lib/dpkg/lock-frontend. It is held by process 2332 (unattendedWaiting for cache lock: Could not get lock /var/lib/dpkg/lock-frontend. It is held by process 2332 (unattended-upgr)
Waiting for cache lock: Could not get lock /var/lib/dpkg/lock-frontend. It is held by process 2332 (unattendedWaiting for cache lock: Could not get lock /var/lib/dpkg/lock-frontend. It is held by process 2332 (unattended-upgr)
Waiting for cache lock: Could not get lock /var/lib/dpkg/lock-frontend. It is held by process 2332 (unattendedWaiting for cache lock: Could not get lock /var/lib/dpkg/lock-frontend. It is held by process 2332 (unattended-upgr)
Waiting for cache lock: Could not get lock /var/lib/dpkg/lock-frontend. It is held by process 2332 (unattendedWaiting for cache lock: Could not get lock /var/lib/dpkg/lock-frontend. It is held by process 2332 (unattended-upgr)
Waiting for cache lock: Could not get lock /var/lib/dpkg/lock-frontend. It is held by process 2332 (unattendedWaiting for cache lock: Could not get lock /var/lib/dpkg/lock-frontend. It is held by process 2332 (unattended-upgr)
Waiting for cache lock: Could not get lock /var/lib/dpkg/lock-frontend. It is held by process 2332 (unattendedWaiting for cache lock: Could not get lock /var/lib/dpkg/lock-frontend. It is held by process 2332 (unattended-upgr)
Waiting for cache lock: Could not get lock /var/lib/dpkg/lock-frontend. It is held by process 2332 (unattendedWaiting for cache lock: Could not get lock /var/lib/dpkg/lock-frontend. It is held by process 2332 (unattended-upgr)
Waiting for cache lock: Could not get lock /var/lib/dpkg/lock-frontend. It is held by process 2332 (unattendedWaiting for cache lock: Could not get lock /var/lib/dpkg/lock-frontend. It is held by process 2332 (unattended-upgr)
Waiting for cache lock: Could not get lock /var/lib/dpkg/lock-frontend. It is held by process 2332 (unattendedWaiting for cache lock: Could not get lock /var/lib/dpkg/lock-frontend. It is held by process 2332 (unattended-upgr)
Waiting for cache lock: Could not get lock /var/lib/dpkg/lock-frontend. It is held by process 2332 (unattendedWaiting for cache lock: Could not get lock /var/lib/dpkg/lock-frontend. It is held by process 2332 (unattended-upgr)
Waiting for cache lock: Could not get lock /var/lib/dpkg/lock-frontend. It is held by process 2332 (unattendedWaiting for cache lock: Could not get lock /var/lib/dpkg/lock-frontend. It is held by process 2332 (unattended-upgr)
Waiting for cache lock: Could not get lock /var/lib/dpkg/lock-frontend. It is held by process 2332 (unattendedWaiting for cache lock: Could not get lock /var/lib/dpkg/lock-frontend. It is held by process 2332 (unattended-upgr)
Waiting for cache lock: Could not get lock /var/lib/dpkg/lock-frontend. It is held by process 2332 (unattendedWaiting for cache lock: Could not get lock /var/lib/dpkg/lock-frontend. It is held by process 2332 (unattended-upgr)
Waiting for cache lock: Could not get lock /var/lib/dpkg/lock-frontend. It is held by process 2332 (unattendedWaiting for cache lock: Could not get lock /var/lib/dpkg/lock-frontend. It is held by process 2332 (unattended-upgr)
Waiting for cache lock: Could not get lock /var/lib/dpkg/lock-frontend. It is held by process 2332 (unattendedWaiting for cache lock: Could not get lock /var/lib/dpkg/lock-frontend. It is held by process 2332 (unattended-upgr)
Waiting for cache lock: Could not get lock /var/lib/dpkg/lock-frontend. It is held by process 2332 (unattendedWaiting for cache lock: Could not get lock /var/lib/dpkg/lock-frontend. It is held by process 2332 (unattended-upgr)
Waiting for cache lock: Could not get lock /var/lib/dpkg/lock-frontend. It is held by process 2332 (unattendedWaiting for cache lock: Could not get lock /var/lib/dpkg/lock-frontend. It is held by process 2332 (unattended-upgr)
Waiting for cache lock: Could not get lock /var/lib/dpkg/lock-frontend. It is held by process 2332 (unattendedWaiting for cache lock: Could not get lock /var/lib/dpkg/lock-frontend. It is held by process 2332 (unattended-upgr)
Waiting for cache lock: Could not get lock /var/lib/dpkg/lock-frontend. It is held by process 2332 (unattendedWaiting for cache lock: Could not get lock /var/lib/dpkg/lock-frontend. It is held by process 2332 (unattended-upgr)
Waiting for cache lock: Could not get lock /var/lib/dpkg/lock-frontend. It is held by process 2332 (unattendedWaiting for cache lock: Could not get lock /var/lib/dpkg/lock-frontend. It is held by process 2332 (unattended-upgr)
Waiting for cache lock: Could not get lock /var/lib/dpkg/lock-frontend. It is held by process 2332 (unattendedWaiting for cache lock: Could not get lock /var/lib/dpkg/lock-frontend. It is held by process 2332 (unattended-upgr)
Waiting for cache lock: Could not get lock /var/lib/dpkg/lock-frontend. It is held by process 2332 (unattendedWaiting for cache lock: Could not get lock /var/lib/dpkg/lock-frontend. It is held by process 2332 (unattended-upgr)
Waiting for cache lock: Could not get lock /var/lib/dpkg/lock-frontend. It is held by process 2332 (unattendedWaiting for cache lock: Could not get lock /var/lib/dpkg/lock-frontend. It is held by process 2332 (unattended-upgr)
Waiting for cache lock: Could not get lock /var/lib/dpkg/lock-frontend. It is held by process 2332 (unattendedWaiting for cache lock: Could not get lock /var/lib/dpkg/lock-frontend. It is held by process 2332 (unattended-upgr)
Waiting for cache lock: Could not get lock /var/lib/dpkg/lock-frontend. It is held by process 2332 (unattendedWaiting for cache lock: Could not get lock /var/lib/dpkg/lock-frontend. It is held by process 2332 (unattended-upgr)
Waiting for cache lock: Could not get lock /var/lib/dpkg/lock-frontend. It is held by process 2332 (unattended^Zpgr)... 79s
[2]+  Stopped                 sudo apt install gcc
uka@LAPTOP-RHQOJ899:~$ gcc -std=c99 -Wall -pedantic lab8.c
Command 'gcc' not found, but can be installed with:
sudo apt install gcc
uka@LAPTOP-RHQOJ899:~$ sudo apt install gcc
Waiting for cache lock: Could not get lock /var/lib/dpkg/lock-frontend. It is held by process 2332 (unattendedWaiting for cache lock: Could not get lock /var/lib/dpkg/lock-frontend. It is held by process 2332 (unattended-upgr)
Waiting for cache lock: Could not get lock /var/lib/dpkg/lock-frontend. It is held by process 2332 (unattendedWaiting for cache lock: Could not get lock /var/lib/dpkg/lock-frontend. It is held by process 2332 (unattended-upgr)
Waiting for cache lock: Could not get lock /var/lib/dpkg/lock-frontend. It is held by process 2332 (unattendedWaiting for cache lock: Could not get lock /var/lib/dpkg/lock-frontend. It is held by process 2332 (unattended-upgr)
Waiting for cache lock: Could not get lock /var/lib/dpkg/lock-frontend. It is held by process 2332 (unattended^Zpgr)... 3s
[3]+  Stopped                 sudo apt install gcc
uka@LAPTOP-RHQOJ899:~$ sudo apt-get install gcc
Reading package lists... Done
Building dependency tree... Done
Reading state information... Done
The following additional packages will be installed:
  cpp cpp-11 gcc-11 gcc-11-base libasan6 libatomic1 libc-dev-bin libc-devtools libc6-dev libcc1-0
  libcrypt-dev libgcc-11-dev libgomp1 libisl23 libitm1 liblsan0 libmpc3 libnsl-dev libquadmath0 libtirpc-dev
  libtsan0 libubsan1 linux-libc-dev manpages-dev rpcsvc-proto
Suggested packages:
  cpp-doc gcc-11-locales gcc-multilib make autoconf automake libtool flex bison gdb gcc-doc gcc-11-multilib
  gcc-11-doc glibc-doc
The following NEW packages will be installed:
  cpp cpp-11 gcc gcc-11 gcc-11-base libasan6 libatomic1 libc-dev-bin libc-devtools libc6-dev libcc1-0
  libcrypt-dev libgcc-11-dev libgomp1 libisl23 libitm1 liblsan0 libmpc3 libnsl-dev libquadmath0 libtirpc-dev
  libtsan0 libubsan1 linux-libc-dev manpages-dev rpcsvc-proto
0 upgraded, 26 newly installed, 0 to remove and 48 not upgraded.
Need to get 46.7 MB of archives.
After this operation, 146 MB of additional disk space will be used.
Do you want to continue? [Y/n] y
Get:1 http://archive.ubuntu.com/ubuntu jammy-updates/main amd64 gcc-11-base amd64 11.4.0-1ubuntu1~22.04 [20.2 kB]
Get:2 http://archive.ubuntu.com/ubuntu jammy/main amd64 libisl23 amd64 0.24-2build1 [727 kB]
Get:3 http://archive.ubuntu.com/ubuntu jammy/main amd64 libmpc3 amd64 1.2.1-2build1 [46.9 kB]
Get:4 http://archive.ubuntu.com/ubuntu jammy-updates/main amd64 cpp-11 amd64 11.4.0-1ubuntu1~22.04 [10.0 MB]
Get:5 http://archive.ubuntu.com/ubuntu jammy/main amd64 cpp amd64 4:11.2.0-1ubuntu1 [27.7 kB]
Get:6 http://archive.ubuntu.com/ubuntu jammy-updates/main amd64 libcc1-0 amd64 12.3.0-1ubuntu1~22.04 [48.3 kB]
Get:7 http://archive.ubuntu.com/ubuntu jammy-updates/main amd64 libgomp1 amd64 12.3.0-1ubuntu1~22.04 [126 kB]
Get:8 http://archive.ubuntu.com/ubuntu jammy-updates/main amd64 libitm1 amd64 12.3.0-1ubuntu1~22.04 [30.2 kB]
Get:9 http://archive.ubuntu.com/ubuntu jammy-updates/main amd64 libatomic1 amd64 12.3.0-1ubuntu1~22.04 [10.4 kB]
Get:10 http://archive.ubuntu.com/ubuntu jammy-updates/main amd64 libasan6 amd64 11.4.0-1ubuntu1~22.04 [2282 kB]
Get:11 http://archive.ubuntu.com/ubuntu jammy-updates/main amd64 liblsan0 amd64 12.3.0-1ubuntu1~22.04 [1069 kB]
Get:12 http://archive.ubuntu.com/ubuntu jammy-updates/main amd64 libtsan0 amd64 11.4.0-1ubuntu1~22.04 [2260 kB]
Get:13 http://archive.ubuntu.com/ubuntu jammy-updates/main amd64 libubsan1 amd64 12.3.0-1ubuntu1~22.04 [976 kB]
Get:14 http://archive.ubuntu.com/ubuntu jammy-updates/main amd64 libquadmath0 amd64 12.3.0-1ubuntu1~22.04 [154 kB]
Get:15 http://archive.ubuntu.com/ubuntu jammy-updates/main amd64 libgcc-11-dev amd64 11.4.0-1ubuntu1~22.04 [2517 kB]
Get:16 http://archive.ubuntu.com/ubuntu jammy-updates/main amd64 gcc-11 amd64 11.4.0-1ubuntu1~22.04 [20.1 MB]
Get:17 http://archive.ubuntu.com/ubuntu jammy/main amd64 gcc amd64 4:11.2.0-1ubuntu1 [5112 B]
Get:18 http://archive.ubuntu.com/ubuntu jammy-updates/main amd64 libc-dev-bin amd64 2.35-0ubuntu3.4 [20.3 kB]
Get:19 http://archive.ubuntu.com/ubuntu jammy-updates/main amd64 libc-devtools amd64 2.35-0ubuntu3.4 [28.9 kB]
Get:20 http://archive.ubuntu.com/ubuntu jammy-updates/main amd64 linux-libc-dev amd64 5.15.0-88.98 [1346 kB]
Get:21 http://archive.ubuntu.com/ubuntu jammy/main amd64 libcrypt-dev amd64 1:4.4.27-1 [112 kB]
Get:22 http://archive.ubuntu.com/ubuntu jammy/main amd64 rpcsvc-proto amd64 1.4.2-0ubuntu6 [68.5 kB]
Get:23 http://archive.ubuntu.com/ubuntu jammy-updates/main amd64 libtirpc-dev amd64 1.3.2-2ubuntu0.1 [192 kB]
Get:24 http://archive.ubuntu.com/ubuntu jammy/main amd64 libnsl-dev amd64 1.3.0-2build2 [71.3 kB]
Get:25 http://archive.ubuntu.com/ubuntu jammy-updates/main amd64 libc6-dev amd64 2.35-0ubuntu3.4 [2100 kB]
Get:26 http://archive.ubuntu.com/ubuntu jammy/main amd64 manpages-dev all 5.10-1ubuntu1 [2309 kB]
Fetched 46.7 MB in 4s (11.8 MB/s)
Selecting previously unselected package gcc-11-base:amd64.
(Reading database ... 44518 files and directories currently installed.)
Preparing to unpack .../00-gcc-11-base_11.4.0-1ubuntu1~22.04_amd64.deb ...
Unpacking gcc-11-base:amd64 (11.4.0-1ubuntu1~22.04) ...
Selecting previously unselected package libisl23:amd64.
Preparing to unpack .../01-libisl23_0.24-2build1_amd64.deb ...
Unpacking libisl23:amd64 (0.24-2build1) ...
Selecting previously unselected package libmpc3:amd64.
Preparing to unpack .../02-libmpc3_1.2.1-2build1_amd64.deb ...
Unpacking libmpc3:amd64 (1.2.1-2build1) ...
Selecting previously unselected package cpp-11.
Preparing to unpack .../03-cpp-11_11.4.0-1ubuntu1~22.04_amd64.deb ...
Unpacking cpp-11 (11.4.0-1ubuntu1~22.04) ...
Selecting previously unselected package cpp.
Preparing to unpack .../04-cpp_4%3a11.2.0-1ubuntu1_amd64.deb ...
Unpacking cpp (4:11.2.0-1ubuntu1) ...
Selecting previously unselected package libcc1-0:amd64.
Preparing to unpack .../05-libcc1-0_12.3.0-1ubuntu1~22.04_amd64.deb ...
Unpacking libcc1-0:amd64 (12.3.0-1ubuntu1~22.04) ...
Selecting previously unselected package libgomp1:amd64.
Preparing to unpack .../06-libgomp1_12.3.0-1ubuntu1~22.04_amd64.deb ...
Unpacking libgomp1:amd64 (12.3.0-1ubuntu1~22.04) ...
Selecting previously unselected package libitm1:amd64.
Preparing to unpack .../07-libitm1_12.3.0-1ubuntu1~22.04_amd64.deb ...
Unpacking libitm1:amd64 (12.3.0-1ubuntu1~22.04) ...
Selecting previously unselected package libatomic1:amd64.
Preparing to unpack .../08-libatomic1_12.3.0-1ubuntu1~22.04_amd64.deb ...
Unpacking libatomic1:amd64 (12.3.0-1ubuntu1~22.04) ...
Selecting previously unselected package libasan6:amd64.
Preparing to unpack .../09-libasan6_11.4.0-1ubuntu1~22.04_amd64.deb ...
Unpacking libasan6:amd64 (11.4.0-1ubuntu1~22.04) ...
Selecting previously unselected package liblsan0:amd64.
Preparing to unpack .../10-liblsan0_12.3.0-1ubuntu1~22.04_amd64.deb ...
Unpacking liblsan0:amd64 (12.3.0-1ubuntu1~22.04) ...
Selecting previously unselected package libtsan0:amd64.
Preparing to unpack .../11-libtsan0_11.4.0-1ubuntu1~22.04_amd64.deb ...
Unpacking libtsan0:amd64 (11.4.0-1ubuntu1~22.04) ...
Selecting previously unselected package libubsan1:amd64.
Preparing to unpack .../12-libubsan1_12.3.0-1ubuntu1~22.04_amd64.deb ...
Unpacking libubsan1:amd64 (12.3.0-1ubuntu1~22.04) ...
Selecting previously unselected package libquadmath0:amd64.
Preparing to unpack .../13-libquadmath0_12.3.0-1ubuntu1~22.04_amd64.deb ...
Unpacking libquadmath0:amd64 (12.3.0-1ubuntu1~22.04) ...
Selecting previously unselected package libgcc-11-dev:amd64.
Preparing to unpack .../14-libgcc-11-dev_11.4.0-1ubuntu1~22.04_amd64.deb ...
Unpacking libgcc-11-dev:amd64 (11.4.0-1ubuntu1~22.04) ...
Selecting previously unselected package gcc-11.
Preparing to unpack .../15-gcc-11_11.4.0-1ubuntu1~22.04_amd64.deb ...
Unpacking gcc-11 (11.4.0-1ubuntu1~22.04) ...
Selecting previously unselected package gcc.
Preparing to unpack .../16-gcc_4%3a11.2.0-1ubuntu1_amd64.deb ...
Unpacking gcc (4:11.2.0-1ubuntu1) ...
Selecting previously unselected package libc-dev-bin.
Preparing to unpack .../17-libc-dev-bin_2.35-0ubuntu3.4_amd64.deb ...
Unpacking libc-dev-bin (2.35-0ubuntu3.4) ...
Selecting previously unselected package libc-devtools.
Preparing to unpack .../18-libc-devtools_2.35-0ubuntu3.4_amd64.deb ...
Unpacking libc-devtools (2.35-0ubuntu3.4) ...
Selecting previously unselected package linux-libc-dev:amd64.
Preparing to unpack .../19-linux-libc-dev_5.15.0-88.98_amd64.deb ...
Unpacking linux-libc-dev:amd64 (5.15.0-88.98) ...
Selecting previously unselected package libcrypt-dev:amd64.
Preparing to unpack .../20-libcrypt-dev_1%3a4.4.27-1_amd64.deb ...
Unpacking libcrypt-dev:amd64 (1:4.4.27-1) ...
Selecting previously unselected package rpcsvc-proto.
Preparing to unpack .../21-rpcsvc-proto_1.4.2-0ubuntu6_amd64.deb ...
Unpacking rpcsvc-proto (1.4.2-0ubuntu6) ...
Selecting previously unselected package libtirpc-dev:amd64.
Preparing to unpack .../22-libtirpc-dev_1.3.2-2ubuntu0.1_amd64.deb ...
Unpacking libtirpc-dev:amd64 (1.3.2-2ubuntu0.1) ...
Selecting previously unselected package libnsl-dev:amd64.
Preparing to unpack .../23-libnsl-dev_1.3.0-2build2_amd64.deb ...
Unpacking libnsl-dev:amd64 (1.3.0-2build2) ...
Selecting previously unselected package libc6-dev:amd64.
Preparing to unpack .../24-libc6-dev_2.35-0ubuntu3.4_amd64.deb ...
Unpacking libc6-dev:amd64 (2.35-0ubuntu3.4) ...
Selecting previously unselected package manpages-dev.
Preparing to unpack .../25-manpages-dev_5.10-1ubuntu1_all.deb ...
Unpacking manpages-dev (5.10-1ubuntu1) ...
Setting up gcc-11-base:amd64 (11.4.0-1ubuntu1~22.04) ...
Setting up manpages-dev (5.10-1ubuntu1) ...
Setting up linux-libc-dev:amd64 (5.15.0-88.98) ...
Setting up libgomp1:amd64 (12.3.0-1ubuntu1~22.04) ...
Setting up libasan6:amd64 (11.4.0-1ubuntu1~22.04) ...
Setting up libtirpc-dev:amd64 (1.3.2-2ubuntu0.1) ...
Setting up rpcsvc-proto (1.4.2-0ubuntu6) ...
Setting up libquadmath0:amd64 (12.3.0-1ubuntu1~22.04) ...
Setting up libmpc3:amd64 (1.2.1-2build1) ...
Setting up libatomic1:amd64 (12.3.0-1ubuntu1~22.04) ...
Setting up libubsan1:amd64 (12.3.0-1ubuntu1~22.04) ...
Setting up libnsl-dev:amd64 (1.3.0-2build2) ...
Setting up libcrypt-dev:amd64 (1:4.4.27-1) ...
Setting up libisl23:amd64 (0.24-2build1) ...
Setting up libc-dev-bin (2.35-0ubuntu3.4) ...
Setting up libcc1-0:amd64 (12.3.0-1ubuntu1~22.04) ...
Setting up liblsan0:amd64 (12.3.0-1ubuntu1~22.04) ...
Setting up libitm1:amd64 (12.3.0-1ubuntu1~22.04) ...
Setting up libc-devtools (2.35-0ubuntu3.4) ...
Setting up libtsan0:amd64 (11.4.0-1ubuntu1~22.04) ...
Setting up cpp-11 (11.4.0-1ubuntu1~22.04) ...
Setting up libgcc-11-dev:amd64 (11.4.0-1ubuntu1~22.04) ...
Setting up gcc-11 (11.4.0-1ubuntu1~22.04) ...
Setting up cpp (4:11.2.0-1ubuntu1) ...
Setting up libc6-dev:amd64 (2.35-0ubuntu3.4) ...
Setting up gcc (4:11.2.0-1ubuntu1) ...
Processing triggers for man-db (2.10.2-1) ...
Processing triggers for libc-bin (2.35-0ubuntu3.4) ...
uka@LAPTOP-RHQOJ899:~$ gcc -std=c99 -Wall -pedantic lab8.c
lab8.c: In function ‘main’:
lab8.c:1:11: error: expected declaration specifiers before ‘:’ token
    1 | int main():
      |           ^
lab8.c:3:10: warning: character constant too long for its type
    3 |   printf('hello world!')
      |          ^~~~~~~~~~~~~~
lab8.c:5: error: expected ‘{’ at end of input
uka@LAPTOP-RHQOJ899:~$ emacs lab8.c
^Z
[4]+  Stopped                 emacs lab8.c
uka@LAPTOP-RHQOJ899:~$ gcc -std=c99 -Wall -pedantic lab8.c
lab8.c: In function ‘main’:
lab8.c:1:11: error: expected declaration specifiers before ‘:’ token
    1 | int main():
      |           ^
lab8.c:3:10: warning: character constant too long for its type
    3 |   printf('hello world!')
      |          ^~~~~~~~~~~~~~
lab8.c:5: error: expected ‘{’ at end of input
uka@LAPTOP-RHQOJ899:~$ emacs lab8.c
^Z
[5]+  Stopped                 emacs lab8.c
uka@LAPTOP-RHQOJ899:~$ emacs lab8.c
uka@LAPTOP-RHQOJ899:~$ fg
emacs lab8.c
uka@LAPTOP-RHQOJ899:~$ fg
emacs lab8.c
uka@LAPTOP-RHQOJ899:~$ fg
sudo apt install gcc
Waiting for cache lock: Could not get lock /var/lib/dpkg/lock-frontend. It is held by process 2332 (unattended-upgr)
Waiting for cache lock: Could not get lock /var/lib/dpkg/lock-frontend. It is held by process 2332 (unattendedWaiting for cache lock: Could not get lock /var/lib/dpkg/lock-frontend. It is held by process 2332 (unattended-upgr)
Reading package lists... 0%
Reading package lists... Done
Building dependency tree... Done
Reading state information... Done
gcc is already the newest version (4:11.2.0-1ubuntu1).
0 upgraded, 0 newly installed, 0 to remove and 48 not upgraded.
uka@LAPTOP-RHQOJ899:~$ fg emacs lab8.c
emacs lab8.c
uka@LAPTOP-RHQOJ899:~$ emacs lab8.c
^Z
[3]+  Stopped                 emacs lab8.c
uka@LAPTOP-RHQOJ899:~$ fg
emacs lab8.c
^Z
[3]+  Stopped                 emacs lab8.c
uka@LAPTOP-RHQOJ899:~$ gcc -std=c99 -Wall -pedantic lab8.c
lab8.c:1:9: error: expected ‘=’, ‘,’, ‘;’, ‘asm’ or ‘__attribute__’ before ‘<’ token
    1 | include <stdio.h>
      |         ^
lab8.c:5:8: warning: character constant too long for its type
    5 |   puts('hello world!');
      |        ^~~~~~~~~~~~~~
uka@LAPTOP-RHQOJ899:~$ fg
emacs lab8.c
^Z
[3]+  Stopped                 emacs lab8.c
uka@LAPTOP-RHQOJ899:~$ gcc -std=c99 -Wall -pedantic lab8.c
lab8.c: In function ‘main’:
lab8.c:3:11: error: expected declaration specifiers before ‘:’ token
    3 | int main():
      |           ^
lab8.c:9: error: expected ‘{’ at end of input
uka@LAPTOP-RHQOJ899:~$ fg
emacs lab8.c
^Z
[3]+  Stopped                 emacs lab8.c
uka@LAPTOP-RHQOJ899:~$ gcc -std=c99 -Wall -pedantic lab8.c
uka@LAPTOP-RHQOJ899:~$ ./a.out
hello world!
uka@LAPTOP-RHQOJ899:~$
